[[1;34mINFO[m] Scanning for projects...
[[1;34mINFO[m] 
[[1;34mINFO[m] [1m--------------------< [0;36mcom.veemarket:vee-market-api[0;1m >--------------------[m
[[1;34mINFO[m] [1mBuilding  0.0.1-SNAPSHOT[m
[[1;34mINFO[m]   from pom.xml
[[1;34mINFO[m] [1m--------------------------------[ jar ]---------------------------------[m
[[1;34mINFO[m] 
[[1;34mINFO[m] [1m>>> [0;32mspring-boot:4.1.1:run[m [1m(default-cli)[0;1m > [0;1mtest-compile[m @ [36mvee-market-api[0;1m >>>[m
[[1;34mINFO[m] 
[[1;34mINFO[m] [1m--- [0;32mresources:3.5.0:resources[m [1m(default-resources)[m @ [36mvee-market-api[0;1m ---[m
[[1;34mINFO[m] Copying 1 resource from src/main/resources to target/classes
[[1;34mINFO[m] Copying 2 resources from src/main/resources to target/classes
[[1;34mINFO[m] 
[[1;34mINFO[m] [1m--- [0;32mcompiler:3.15.0:compile[m [1m(default-compile)[m @ [36mvee-market-api[0;1m ---[m
[[1;34mINFO[m] Nothing to compile - all classes are up to date.
[[1;34mINFO[m] 
[[1;34mINFO[m] [1m--- [0;32mresources:3.5.0:testResources[m [1m(default-testResources)[m @ [36mvee-market-api[0;1m ---[m
[[1;34mINFO[m] skip non existing resourceDirectory /home/gayan/projects/vee-market/vee-market-api/src/test/resources
[[1;34mINFO[m] 
[[1;34mINFO[m] [1m--- [0;32mcompiler:3.15.0:testCompile[m [1m(default-testCompile)[m @ [36mvee-market-api[0;1m ---[m
[[1;34mINFO[m] Nothing to compile - all classes are up to date.
[[1;34mINFO[m] 
[[1;34mINFO[m] [1m<<< [0;32mspring-boot:4.1.1:run[m [1m(default-cli)[0;1m < [0;1mtest-compile[m @ [36mvee-market-api[0;1m <<<[m
[[1;34mINFO[m] 
[[1;34mINFO[m] 
[[1;34mINFO[m] [1m--- [0;32mspring-boot:4.1.1:run[m [1m(default-cli)[m @ [36mvee-market-api[0;1m ---[m
[[1;34mINFO[m] Attaching agents: []

  .   ____          _            __ _ _
 /\\ / ___'_ __ _ _(_)_ __  __ _ \ \ \ \
( ( )\___ | '_ | '_| | '_ \/ _` | \ \ \ \
 \\/  ___)| |_)| | | | | || (_| |  ) ) ) )
  '  |____| .__|_| |_|_| |_\__, | / / / /
 =========|_|==============|___/=/_/_/_/

 :: Spring Boot ::                (v4.1.1)

2026-10-03T21:02:46.129+05:30  INFO 29322 --- [vee-market-api] [           main] com.veemarket.VeeMarketApiApplication    : Starting VeeMarketApiApplication using Java 21.0.12.1 with PID 29322 (/home/gayan/projects/vee-market/vee-market-api/target/classes started by gayan in /home/gayan/projects/vee-market/vee-market-api)
2026-10-03T21:02:46.132+05:30  INFO 29322 --- [vee-market-api] [           main] com.veemarket.VeeMarketApiApplication    : No active profile set, falling back to 1 default profile: "default"
2026-10-03T21:02:46.600+05:30  INFO 29322 --- [vee-market-api] [           main] .s.d.r.c.RepositoryConfigurationDelegate : Bootstrapping Spring Data JPA repositories in DEFAULT mode.
2026-10-03T21:02:46.613+05:30  INFO 29322 --- [vee-market-api] [           main] .s.d.r.c.RepositoryConfigurationDelegate : Finished Spring Data repository scanning in 8 ms. Found 0 JPA repository interfaces.
2026-10-03T21:02:46.947+05:30  INFO 29322 --- [vee-market-api] [           main] o.s.boot.tomcat.TomcatWebServer          : Tomcat initialized with port 8080 (http)
2026-10-03T21:02:46.955+05:30  INFO 29322 --- [vee-market-api] [           main] o.apache.catalina.core.StandardService   : Starting service [Tomcat]
2026-10-03T21:02:46.956+05:30  INFO 29322 --- [vee-market-api] [           main] o.apache.catalina.core.StandardEngine    : Starting Servlet engine: [Apache Tomcat/11.0.24]
2026-10-03T21:02:46.984+05:30  INFO 29322 --- [vee-market-api] [           main] b.w.c.s.WebApplicationContextInitializer : Root WebApplicationContext: initialization completed in 803 ms
2026-10-03T21:02:47.150+05:30  INFO 29322 --- [vee-market-api] [           main] com.zaxxer.hikari.HikariDataSource       : HikariPool-1 - Starting...
2026-10-03T21:02:47.356+05:30  INFO 29322 --- [vee-market-api] [           main] com.zaxxer.hikari.pool.HikariPool        : HikariPool-1 - Added connection org.postgresql.jdbc.PgConnection@21e5f0b6
2026-10-03T21:02:47.357+05:30  INFO 29322 --- [vee-market-api] [           main] com.zaxxer.hikari.HikariDataSource       : HikariPool-1 - Start completed.
2026-10-03T21:02:47.377+05:30  INFO 29322 --- [vee-market-api] [           main] org.flywaydb.core.FlywayExecutor         : Database: jdbc:postgresql://localhost:5432/vee_market (PostgreSQL 18.6)
2026-10-03T21:02:47.387+05:30  INFO 29322 --- [vee-market-api] [           main] o.f.c.i.resource.ResourceNameValidator   : 1 SQL migrations were detected but not run because they did not follow the filename convention.
2026-10-03T21:02:47.387+05:30  INFO 29322 --- [vee-market-api] [           main] o.f.c.i.resource.ResourceNameValidator   : Set 'validateMigrationNaming' to true to fail fast and see a list of the invalid file names.
2026-10-03T21:02:47.421+05:30  INFO 29322 --- [vee-market-api] [           main] o.f.core.internal.command.DbValidate     : Successfully validated 0 migrations (execution time 00:00.012s)
2026-10-03T21:02:47.421+05:30  WARN 29322 --- [vee-market-api] [           main] o.f.core.internal.command.DbValidate     : No migrations found. Are your locations set up correctly?
2026-10-03T21:02:47.458+05:30  INFO 29322 --- [vee-market-api] [           main] o.f.core.internal.command.DbMigrate      : Current version of schema "public": << Empty Schema >>
2026-10-03T21:02:47.461+05:30  INFO 29322 --- [vee-market-api] [           main] o.f.core.internal.command.DbMigrate      : Schema "public" is up to date. No migration necessary.
2026-10-03T21:02:47.526+05:30  INFO 29322 --- [vee-market-api] [           main] org.hibernate.orm.jpa                    : HHH008540: Processing PersistenceUnitInfo [name: default]
2026-10-03T21:02:47.557+05:30  INFO 29322 --- [vee-market-api] [           main] org.hibernate.orm.core                   : HHH000001: Hibernate ORM core version 7.4.5.Final
2026-10-03T21:02:47.796+05:30  INFO 29322 --- [vee-market-api] [           main] o.s.o.j.p.SpringPersistenceUnitInfo      : No LoadTimeWeaver setup: ignoring JPA class transformer
2026-10-03T21:02:47.853+05:30  INFO 29322 --- [vee-market-api] [           main] org.hibernate.orm.connections.pooling    : HHH10001005: Database info:
	Database JDBC URL [jdbc:postgresql://localhost:5432/vee_market]
	Database driver: PostgreSQL JDBC Driver
	Database dialect: PostgreSQLDialect
	Database version: 18.6
	Default catalog/schema: vee_market/public
	Autocommit mode: undefined/unknown
	Isolation level: READ_COMMITTED [default READ_COMMITTED]
	JDBC fetch size: none
	Pool: DataSourceConnectionProvider
	Minimum pool size: undefined/unknown
	Maximum pool size: undefined/unknown
2026-10-03T21:02:48.079+05:30  INFO 29322 --- [vee-market-api] [           main] org.hibernate.orm.core                   : HHH000489: No JTA platform available (set 'hibernate.transaction.jta.platform' to enable JTA platform integration)
2026-10-03T21:02:48.107+05:30  INFO 29322 --- [vee-market-api] [           main] j.LocalContainerEntityManagerFactoryBean : Initialized JPA EntityManagerFactory for persistence unit 'default'
2026-10-03T21:02:48.386+05:30  WARN 29322 --- [vee-market-api] [           main] .s.a.UserDetailsServiceAutoConfiguration : 

Using generated security password: 2b306b20-d8d4-4644-8a4f-97830c1b0f6d

This generated password is for development use only. Your security configuration must be updated before running your application in production.

2026-10-03T21:02:48.420+05:30  INFO 29322 --- [vee-market-api] [           main] r$InitializeUserDetailsManagerConfigurer : Global AuthenticationManager configured with UserDetailsService bean with name inMemoryUserDetailsManager
2026-10-03T21:02:48.527+05:30  WARN 29322 --- [vee-market-api] [           main] ConfigServletWebServerApplicationContext : Exception encountered during context initialization - cancelling refresh attempt: org.springframework.context.ApplicationContextException: Failed to start bean 'webServerStartStop'
2026-10-03T21:02:48.529+05:30  INFO 29322 --- [vee-market-api] [           main] j.LocalContainerEntityManagerFactoryBean : Closing JPA EntityManagerFactory for persistence unit 'default'
2026-10-03T21:02:48.531+05:30  INFO 29322 --- [vee-market-api] [           main] com.zaxxer.hikari.HikariDataSource       : HikariPool-1 - Shutdown initiated...
2026-10-03T21:02:48.538+05:30  INFO 29322 --- [vee-market-api] [           main] com.zaxxer.hikari.HikariDataSource       : HikariPool-1 - Shutdown completed.
2026-10-03T21:02:48.545+05:30  INFO 29322 --- [vee-market-api] [           main] .s.b.a.l.ConditionEvaluationReportLogger : 

Error starting ApplicationContext. To display the condition evaluation report re-run your application with 'debug' enabled.
2026-10-03T21:02:48.556+05:30 ERROR 29322 --- [vee-market-api] [           main] o.s.b.d.LoggingFailureAnalysisReporter   : 

***************************
APPLICATION FAILED TO START
***************************

Description:

Web server failed to start. Port 8080 was already in use.

Action:

Identify and stop the process that's listening on port 8080 or configure this application to listen on another port.

[[1;34mINFO[m] [1m------------------------------------------------------------------------[m
[[1;34mINFO[m] [1;31mBUILD FAILURE[m
[[1;34mINFO[m] [1m------------------------------------------------------------------------[m
[[1;34mINFO[m] Total time:  3.994 s
[[1;34mINFO[m] Finished at: 2026-10-03T21:02:48+05:30
[[1;34mINFO[m] [1m------------------------------------------------------------------------[m
[[1;31mERROR[m] Failed to execute goal [32morg.springframework.boot:spring-boot-maven-plugin:4.1.1:run[m [1m(default-cli)[m on project [36mvee-market-api[m: [1;31mProcess terminated with exit code: 1[m -> [1m[Help 1][m
[[1;31mERROR[m] 
[[1;31mERROR[m] To see the full stack trace of the errors, re-run Maven with the [1m-e[m switch.
[[1;31mERROR[m] Re-run Maven using the [1m-X[m switch to enable full debug logging.
[[1;31mERROR[m] 
[[1;31mERROR[m] For more information about the errors and possible solutions, please read the following articles:
[[1;31mERROR[m] [1m[Help 1][m http://cwiki.apache.org/confluence/display/MAVEN/MojoExecutionException
